// Jest Snapshot v1, https://goo.gl/fbAQLP

exports[`Header component renders properly 1`] = `
<header>
  <div
    className="header-wrapper"
  >
    <div
      className="logo"
    />
    <div
      className="signup-button"
    >
      <styled.button
        variant="default"
      >
        Signup
      </styled.button>
    </div>
    <div
      className="signin-button"
    >
      <styled.button
        variant="login"
      >
        Login
      </styled.button>
    </div>
    <div
      className="header-menu-button"
    >
      <MenuButton
        onClick={[Function]}
      />
    </div>
  </div>
</header>
`;

exports[`Header component renders properly with props as true 1`] = `""`;
