// Jest Snapshot v1, https://goo.gl/fbAQLP

exports[`PictureIdentifier component renders correctly 1`] = `
<Fragment>
              
  <img
    alt=""
    onLoad={[Function]}
    src="https://pbs.twimg.com/media/EpjlsCFW8AMJtO1.jpg"
    title=""
  />
  <DisplayIdentifiedPeopleButton
    onClick={[Function]}
  />
</Fragment>
`;
